{
  "opType": "OUT",
  "operatorId": 789,
  "outputDistanceBuckets": [
  ],
  "data": [
    100
  ]
}