{
  "opType": "OUT",
  "operatorId": 123,
  "outputDistanceBuckets": [],
  "data": []
}
