{
  "opType": "OUT",
  "operatorId": 456,
  "outputDistanceBuckets": [],
  "data": [
    10,
    20,
    -5
  ]
}
