{
  "opType": "IN",
  "operatorId": 1,
  "outputDistanceBuckets": [],
  "accumulatedData": []
}
