{
  "opType": "IN",
  "operatorId": 0,
  "outputDistanceBuckets": [],
  "accumulatedData": []
}
