{
  "opType": "IN",
  "operatorId": 3,
  "outputDistanceBuckets": [],
  "accumulatedData": [5]
}
