{
  "opType": "IN",
  "operatorId": 2,
  "outputDistanceBuckets": [],
  "accumulatedData": [10, -20]
}
