{
  "opType": "IN",
  "operatorId": 123,
  "outputDistanceBuckets": [],
  "accumulatedData": []
}
