{
  "opType": "UNDEFINED",
  "operatorId": 123,
  "outputDistanceBuckets": []
}