{
  "opType": "UNDEFINED",
  "operatorId": 124,
  "outputDistanceBuckets": [
    {
      "distance": 2,
      "targetOperatorIds": [
        200
      ]
    }
  ]
}