{
  "opType": "ADD",
  "operatorId": 100,
  "outputDistanceBuckets": [],
  "weight": 10,
  "threshold": 5,
  "accumulateData": 88
}
