{
  "opType": "IN",
  "operatorId": 2147483647,
  "outputDistanceBuckets": [],
  "accumulatedData": []
}
